[accounts.google.com/signin/v2/identifier.0fae3.delayed]
[accounts.google.com/ServiceLoginfae3.html]
[backblue.gif]
[fade.gif]
[index.html]
[ssl.gstatic.com/ui/v1/menu/checkmark.png]
[ssl.gstatic.com/accounts/ui/logo_1x.png]
[ssl.gstatic.com/images/branding/googlelogo/1x/googlelogo_color_112x36dp.png]
[ssl.gstatic.com/accounts/ui/logo_2x.png]
[ssl.gstatic.com/images/branding/googlelogo/2x/googlelogo_color_112x36dp.png]
[ssl.gstatic.com/accounts/ui/wlogostrip_230x17_1x.png]
[ssl.gstatic.com/accounts/ui/wlogostrip_230x17_2x.png]
[ssl.gstatic.com/ui/v1/icons/common/x_8px.png]
[ssl.gstatic.com/accounts/ui/avatar_2x.png]
[accounts.google.com/signin/usernamerecoverycc92.html]
[accounts.google.com/AccountChooser.cfae3.delayed]
[accounts.google.com/ServiceLogina966.html]
[accounts.google.com/TOS.fcbbf.delayed]
[accounts.google.com/SignUpb407.html]
[accounts.google.com/TOS.10c5db.delayed]
[ssl.gstatic.com/images/icons/ui/common/universal_language_settings-21.png]
[accounts.google.com/ServiceLoginfae3.html]
[accounts.google.com/signin/usernamerecoverycc92.html]
[accounts.google.com/signin/usernamerecoveryde3a.html]
[accounts.google.com/AccountChooser.1584bb.delayed]
[accounts.google.com/ServiceLogina966.html]
[ssl.gstatic.com/ui/v1/dialog/close-x.png]
[accounts.google.com/SignUpde3a.html]
[ssl.gstatic.com/i18n/phonenumbers/phoneinputwidget/flags4.png]
[ssl.gstatic.com/ui/v1/disclosure/grey-disclosure-arrow-up-down.png]
[ssl.gstatic.com/i18n/phonenumbers/phoneinputwidget/phone-input-arrow.png]
[ssl.gstatic.com/accounts/ui/wlogostrip_325x24_1x.png]
[ssl.gstatic.com/accounts/signup/devices_1x.png]
[ssl.gstatic.com/accounts/ui/wlogostrip_325x24_2x.png]
[ssl.gstatic.com/accounts/signup/devices_2x.png]
[accounts.google.com/+/index.html]
[accounts.google.com/ServiceLoginc71d.html]
[ssl.gstatic.com/accounts/ui/refresh_white.png]
[accounts.google.com/SignUpWithoutGmaild8ae.html]
[www.gstatic.com/images/icons/material/system/2x/keyboard_arrow_down_white_24dp.png]
[accounts.google.com/signin/recoveryb407.html]
[accounts.google.com/POST.29.delayed]
[accounts.google.com/GET.2a.delayed]
[accounts.google.com/SignUpb407.html]
[accounts.google.com/signin/usernamerecoveryde3a.html]
[accounts.google.com/ServiceLogin48fb.html]
[accounts.google.com/SignUpde3a.html]
[accounts.google.com/+/index.html]
[accounts.google.com/signin/usernamerecovery942a.html]
[accounts.google.com/SignUpWithoutGmailfc2f.html]
[accounts.google.com/AccountChooser.33c71d.delayed]
[accounts.google.com/ServiceLoginc71d.html]
[accounts.google.com/ServiceLoginb8f8.html]
[accounts.google.com/SignUpWithoutGmaild8ae.html]
[accounts.google.com/signin/recoveryb407.html]
[accounts.google.com/POST.html]
[accounts.google.com/GET.html]
[accounts.google.com/AccountChooser.3e48fb.delayed]
[accounts.google.com/ServiceLogin48fb.html]
[accounts.google.com/SignUpWithoutGmailde3a.html]
[accounts.google.com/SignUpWithoutGmailfc2f.html]
[accounts.google.com/signin/usernamerecovery942a.html]
[accounts.google.com/SignUpd8ae.html]
[accounts.google.com/AccountChooser.47cd16.delayed]
[accounts.google.com/ServiceLoginb8f8.html]
[accounts.google.com/SignUpfc2f.html]
[accounts.google.com/ServiceLoginc4f9.html]
[accounts.google.com/SignUpWithoutGmailde3a.html]
[accounts.google.com/SignUpd8ae.html]
[accounts.google.com/SignUpfc2f.html]
[accounts.google.com/AccountChooser.55c4f9.delayed]
[accounts.google.com/ServiceLoginc4f9.html]
[accounts.google.com/SignUp7544.html]
[accounts.google.com/SignUp7544.html]
[accounts.google.com/SignUpWithoutGmail7544.html]
[accounts.google.com/SignUpWithoutGmail7544.html]
